Archive member included to satisfy reference by file (symbol)

/opt/st/stm32cubeide_2.0.0/plugins/com.st.stm32cube.ide.mcu.externaltools.gnu-tools-for-stm32.13.3.rel1.linux64_1.0.100.202509120712/tools/bin/../lib/gcc/arm-none-eabi/13.3.1/../../../../arm-none-eabi/lib/thumb/v7e-m+fp/hard/libc_nano.a(libc_a-exit.o)
                              /opt/st/stm32cubeide_2.0.0/plugins/com.st.stm32cube.ide.mcu.externaltools.gnu-tools-for-stm32.13.3.rel1.linux64_1.0.100.202509120712/tools/bin/../lib/gcc/arm-none-eabi/13.3.1/../../../../arm-none-eabi/lib/thumb/v7e-m+fp/hard/crt0.o (exit)
/opt/st/stm32cubeide_2.0.0/plugins/com.st.stm32cube.ide.mcu.externaltools.gnu-tools-for-stm32.13.3.rel1.linux64_1.0.100.202509120712/tools/bin/../lib/gcc/arm-none-eabi/13.3.1/../../../../arm-none-eabi/lib/thumb/v7e-m+fp/hard/libc_nano.a(libc_a-findfp.o)
                              /opt/st/stm32cubeide_2.0.0/plugins/com.st.stm32cube.ide.mcu.externaltools.gnu-tools-for-stm32.13.3.rel1.linux64_1.0.100.202509120712/tools/bin/../lib/gcc/arm-none-eabi/13.3.1/../../../../arm-none-eabi/lib/thumb/v7e-m+fp/hard/libc_nano.a(libc_a-exit.o) (__stdio_exit_handler)
/opt/st/stm32cubeide_2.0.0/plugins/com.st.stm32cube.ide.mcu.externaltools.gnu-tools-for-stm32.13.3.rel1.linux64_1.0.100.202509120712/tools/bin/../lib/gcc/arm-none-eabi/13.3.1/../../../../arm-none-eabi/lib/thumb/v7e-m+fp/hard/libc_nano.a(libc_a-fwalk.o)
                              /opt/st/stm32cubeide_2.0.0/plugins/com.st.stm32cube.ide.mcu.externaltools.gnu-tools-for-stm32.13.3.rel1.linux64_1.0.100.202509120712/tools/bin/../lib/gcc/arm-none-eabi/13.3.1/../../../../arm-none-eabi/lib/thumb/v7e-m+fp/hard/libc_nano.a(libc_a-findfp.o) (_fwalk_sglue)
/opt/st/stm32cubeide_2.0.0/plugins/com.st.stm32cube.ide.mcu.externaltools.gnu-tools-for-stm32.13.3.rel1.linux64_1.0.100.202509120712/tools/bin/../lib/gcc/arm-none-eabi/13.3.1/../../../../arm-none-eabi/lib/thumb/v7e-m+fp/hard/libc_nano.a(libc_a-stdio.o)
                              /opt/st/stm32cubeide_2.0.0/plugins/com.st.stm32cube.ide.mcu.externaltools.gnu-tools-for-stm32.13.3.rel1.linux64_1.0.100.202509120712/tools/bin/../lib/gcc/arm-none-eabi/13.3.1/../../../../arm-none-eabi/lib/thumb/v7e-m+fp/hard/libc_nano.a(libc_a-findfp.o) (__sread)
/opt/st/stm32cubeide_2.0.0/plugins/com.st.stm32cube.ide.mcu.externaltools.gnu-tools-for-stm32.13.3.rel1.linux64_1.0.100.202509120712/tools/bin/../lib/gcc/arm-none-eabi/13.3.1/../../../../arm-none-eabi/lib/thumb/v7e-m+fp/hard/libc_nano.a(libc_a-memset.o)
                              /opt/st/stm32cubeide_2.0.0/plugins/com.st.stm32cube.ide.mcu.externaltools.gnu-tools-for-stm32.13.3.rel1.linux64_1.0.100.202509120712/tools/bin/../lib/gcc/arm-none-eabi/13.3.1/../../../../arm-none-eabi/lib/thumb/v7e-m+fp/hard/crt0.o (memset)
/opt/st/stm32cubeide_2.0.0/plugins/com.st.stm32cube.ide.mcu.externaltools.gnu-tools-for-stm32.13.3.rel1.linux64_1.0.100.202509120712/tools/bin/../lib/gcc/arm-none-eabi/13.3.1/../../../../arm-none-eabi/lib/thumb/v7e-m+fp/hard/libc_nano.a(libc_a-closer.o)
                              /opt/st/stm32cubeide_2.0.0/plugins/com.st.stm32cube.ide.mcu.externaltools.gnu-tools-for-stm32.13.3.rel1.linux64_1.0.100.202509120712/tools/bin/../lib/gcc/arm-none-eabi/13.3.1/../../../../arm-none-eabi/lib/thumb/v7e-m+fp/hard/libc_nano.a(libc_a-stdio.o) (_close_r)
/opt/st/stm32cubeide_2.0.0/plugins/com.st.stm32cube.ide.mcu.externaltools.gnu-tools-for-stm32.13.3.rel1.linux64_1.0.100.202509120712/tools/bin/../lib/gcc/arm-none-eabi/13.3.1/../../../../arm-none-eabi/lib/thumb/v7e-m+fp/hard/libc_nano.a(libc_a-reent.o)
                              /opt/st/stm32cubeide_2.0.0/plugins/com.st.stm32cube.ide.mcu.externaltools.gnu-tools-for-stm32.13.3.rel1.linux64_1.0.100.202509120712/tools/bin/../lib/gcc/arm-none-eabi/13.3.1/../../../../arm-none-eabi/lib/thumb/v7e-m+fp/hard/libc_nano.a(libc_a-closer.o) (errno)
/opt/st/stm32cubeide_2.0.0/plugins/com.st.stm32cube.ide.mcu.externaltools.gnu-tools-for-stm32.13.3.rel1.linux64_1.0.100.202509120712/tools/bin/../lib/gcc/arm-none-eabi/13.3.1/../../../../arm-none-eabi/lib/thumb/v7e-m+fp/hard/libc_nano.a(libc_a-impure.o)
                              /opt/st/stm32cubeide_2.0.0/plugins/com.st.stm32cube.ide.mcu.externaltools.gnu-tools-for-stm32.13.3.rel1.linux64_1.0.100.202509120712/tools/bin/../lib/gcc/arm-none-eabi/13.3.1/../../../../arm-none-eabi/lib/thumb/v7e-m+fp/hard/libc_nano.a(libc_a-reent.o) (_impure_ptr)
/opt/st/stm32cubeide_2.0.0/plugins/com.st.stm32cube.ide.mcu.externaltools.gnu-tools-for-stm32.13.3.rel1.linux64_1.0.100.202509120712/tools/bin/../lib/gcc/arm-none-eabi/13.3.1/../../../../arm-none-eabi/lib/thumb/v7e-m+fp/hard/libc_nano.a(libc_a-lseekr.o)
                              /opt/st/stm32cubeide_2.0.0/plugins/com.st.stm32cube.ide.mcu.externaltools.gnu-tools-for-stm32.13.3.rel1.linux64_1.0.100.202509120712/tools/bin/../lib/gcc/arm-none-eabi/13.3.1/../../../../arm-none-eabi/lib/thumb/v7e-m+fp/hard/libc_nano.a(libc_a-stdio.o) (_lseek_r)
[...]
Memory Configuration

Name             Origin             Length             Attributes
CCMRAM           0x10000000         0x00010000         xrw
RAM              0x20000000         0x00030000         xrw
FLASH            0x08000000         0x00200000         xr
*default*        0x00000000         0xffffffff

Linker script and memory map

LOAD /opt/st/stm32cubeide_2.0.0/plugins/com.st.stm32cube.ide.mcu.externaltools.gnu-tools-for-stm32.13.3.rel1.linux64_1.0.100.202509120712/tools/bin/../lib/gcc/arm-none-eabi/13.3.1/thumb/v7e-m+fp/hard/crti.o
LOAD /opt/st/stm32cubeide_2.0.0/plugins/com.st.stm32cube.ide.mcu.externaltools.gnu-tools-for-stm32.13.3.rel1.linux64_1.0.100.202509120712/tools/bin/../lib/gcc/arm-none-eabi/13.3.1/thumb/v7e-m+fp/hard/crtbegin.o
LOAD /opt/st/stm32cubeide_2.0.0/plugins/com.st.stm32cube.ide.mcu.externaltools.gnu-tools-for-stm32.13.3.rel1.linux64_1.0.100.202509120712/tools/bin/../lib/gcc/arm-none-eabi/13.3.1/../../../../arm-none-eabi/lib/thumb/v7e-m+fp/hard/crt0.o
LOAD ./Core/Src/main.o
LOAD ./Core/Src/stm32f4xx_hal_msp.o
LOAD ./Core/Src/stm32f4xx_it.o
LOAD ./Core/Src/syscalls.o
LOAD ./Core/Src/sysmem.o
LOAD ./Core/Src/system_stm32f4xx.o
LOAD ./Core/Startup/startup_stm32f429zitx.o
LOAD ./Drivers/STM32F4xx_HAL_Driver/Src/stm32f4xx_hal.o
LOAD ./Drivers/STM32F4xx_HAL_Driver/Src/stm32f4xx_hal_cortex.o
LOAD ./Drivers/STM32F4xx_HAL_Driver/Src/stm32f4xx_hal_dma.o
LOAD ./Drivers/STM32F4xx_HAL_Driver/Src/stm32f4xx_hal_dma_ex.o
LOAD ./Drivers/STM32F4xx_HAL_Driver/Src/stm32f4xx_hal_exti.o
LOAD ./Drivers/STM32F4xx_HAL_Driver/Src/stm32f4xx_hal_flash.o
LOAD ./Drivers/STM32F4xx_HAL_Driver/Src/stm32f4xx_hal_flash_ex.o
LOAD ./Drivers/STM32F4xx_HAL_Driver/Src/stm32f4xx_hal_flash_ramfunc.o
LOAD ./Drivers/STM32F4xx_HAL_Driver/Src/stm32f4xx_hal_gpio.o
LOAD ./Drivers/STM32F4xx_HAL_Driver/Src/stm32f4xx_hal_i2c.o
LOAD ./Drivers/STM32F4xx_HAL_Driver/Src/stm32f4xx_hal_i2c_ex.o
LOAD ./Drivers/STM32F4xx_HAL_Driver/Src/stm32f4xx_hal_pwr.o
LOAD ./Drivers/STM32F4xx_HAL_Driver/Src/stm32f4xx_hal_pwr_ex.o
LOAD ./Drivers/STM32F4xx_HAL_Driver/Src/stm32f4xx_hal_rcc.o
LOAD ./Drivers/STM32F4xx_HAL_Driver/Src/stm32f4xx_hal_rcc_ex.o
START GROUP
LOAD /opt/st/stm32cubeide_2.0.0/plugins/com.st.stm32cube.ide.mcu.externaltools.gnu-tools-for-stm32.13.3.rel1.linux64_1.0.100.202509120712/tools/bin/../lib/gcc/arm-none-eabi/13.3.1/../../../../arm-none-eabi/lib/thumb/v7e-m+fp/hard/libc_nano.a
LOAD /opt/st/stm32cubeide_2.0.0/plugins/com.st.stm32cube.ide.mcu.externaltools.gnu-tools-for-stm32.13.3.rel1.linux64_1.0.100.202509120712/tools/bin/../lib/gcc/arm-none-eabi/13.3.1/../../../../arm-none-eabi/lib/thumb/v7e-m+fp/hard/libm.a
END GROUP
START GROUP
LOAD /opt/st/stm32cubeide_2.0.0/plugins/com.st.stm32cube.ide.mcu.externaltools.gnu-tools-for-stm32.13.3.rel1.linux64_1.0.100.202509120712/tools/bin/../lib/gcc/arm-none-eabi/13.3.1/thumb/v7e-m+fp/hard/libgcc.a
LOAD /opt/st/stm32cubeide_2.0.0/plugins/com.st.stm32cube.ide.mcu.externaltools.gnu-tools-for-stm32.13.3.rel1.linux64_1.0.100.202509120712/tools/bin/../lib/gcc/arm-none-eabi/13.3.1/../../../../arm-none-eabi/lib/thumb/v7e-m+fp/hard/libc_nano.a
END GROUP
START GROUP
LOAD /opt/st/stm32cubeide_2.0.0/plugins/com.st.stm32cube.ide.mcu.externaltools.gnu-tools-for-stm32.13.3.rel1.linux64_1.0.100.202509120712/tools/bin/../lib/gcc/arm-none-eabi/13.3.1/thumb/v7e-m+fp/hard/libgcc.a
LOAD /opt/st/stm32cubeide_2.0.0/plugins/com.st.stm32cube.ide.mcu.externaltools.gnu-tools-for-stm32.13.3.rel1.linux64_1.0.100.202509120712/tools/bin/../lib/gcc/arm-none-eabi/13.3.1/../../../../arm-none-eabi/lib/thumb/v7e-m+fp/hard/libc_nano.a
LOAD /opt/st/stm32cubeide_2.0.0/plugins/com.st.stm32cube.ide.mcu.externaltools.gnu-tools-for-stm32.13.3.rel1.linux64_1.0.100.202509120712/tools/bin/../lib/gcc/arm-none-eabi/13.3.1/../../../../arm-none-eabi/lib/thumb/v7e-m+fp/hard/libnosys.a
END GROUP
START GROUP
LOAD /opt/st/stm32cubeide_2.0.0/plugins/com.st.stm32cube.ide.mcu.externaltools.gnu-tools-for-stm32.13.3.rel1.linux64_1.0.100.202509120712/tools/bin/../lib/gcc/arm-none-eabi/13.3.1/thumb/v7e-m+fp/hard/libgcc.a
LOAD /opt/st/stm32cubeide_2.0.0/plugins/com.st.stm32cube.ide.mcu.externaltools.gnu-tools-for-stm32.13.3.rel1.linux64_1.0.100.202509120712/tools/bin/../lib/gcc/arm-none-eabi/13.3.1/../../../../arm-none-eabi/lib/thumb/v7e-m+fp/hard/libc_nano.a
LOAD /opt/st/stm32cubeide_2.0.0/plugins/com.st.stm32cube.ide.mcu.externaltools.gnu-tools-for-stm32.13.3.rel1.linux64_1.0.100.202509120712/tools/bin/../lib/gcc/arm-none-eabi/13.3.1/../../../../arm-none-eabi/lib/thumb/v7e-m+fp/hard/libnosys.a
END GROUP
LOAD /opt/st/stm32cubeide_2.0.0/plugins/com.st.stm32cube.ide.mcu.externaltools.gnu-tools-for-stm32.13.3.rel1.linux64_1.0.100.202509120712/tools/bin/../lib/gcc/arm-none-eabi/13.3.1/thumb/v7e-m+fp/hard/crtend.o
LOAD /opt/st/stm32cubeide_2.0.0/plugins/com.st.stm32cube.ide.mcu.externaltools.gnu-tools-for-stm32.13.3.rel1.linux64_1.0.100.202509120712/tools/bin/../lib/gcc/arm-none-eabi/13.3.1/thumb/v7e-m+fp/hard/crtn.o
                0x20030000                        _estack = (ORIGIN (RAM) + LENGTH (RAM))
                0x00000200                        _Min_Heap_Size = 0x200
                0x00000400                        _Min_Stack_Size = 0x400

.isr_vector     0x08000000      0x1ac
                0x08000000                        . = ALIGN (0x4)
 *(.isr_vector)
 .isr_vector    0x08000000      0x1ac ./Core/Startup/startup_stm32f429zitx.o
                0x08000000                g_pfnVectors
                0x080001ac                        . = ALIGN (0x4)

.text           0x080001ac     0x3e4c
                0x080001ac                        . = ALIGN (0x4)
 *(.text)
 .text          0x080001ac       0x40 /opt/st/stm32cubeide_2.0.0/plugins/com.st.stm32cube.ide.mcu.externaltools.gnu-tools-for-stm32.13.3.rel1.linux64_1.0.100.202509120712/tools/bin/../lib/gcc/arm-none-eabi/13.3.1/thumb/v7e-m+fp/hard/crtbegin.o
 .text          0x080001ec       0x30 /opt/st/stm32cubeide_2.0.0/plugins/com.st.stm32cube.ide.mcu.externaltools.gnu-tools-for-stm32.13.3.rel1.linux64_1.0.100.202509120712/tools/bin/../lib/gcc/arm-none-eabi/13.3.1/thumb/v7e-m+fp/hard/libgcc.a(_aeabi_uldivmod.o)
                0x080001ec                __aeabi_uldivmod
 .text          0x0800021c      0x2f8 /opt/st/stm32cubeide_2.0.0/plugins/com.st.stm32cube.ide.mcu.externaltools.gnu-tools-for-stm32.13.3.rel1.linux64_1.0.100.202509120712/tools/bin/../lib/gcc/arm-none-eabi/13.3.1/thumb/v7e-m+fp/hard/libgcc.a(_udivmoddi4.o)
                0x0800021c                __udivmoddi4
 .text          0x08000514        0x4 /opt/st/stm32cubeide_2.0.0/plugins/com.st.stm32cube.ide.mcu.externaltools.gnu-tools-for-stm32.13.3.rel1.linux64_1.0.100.202509120712/tools/bin/../lib/gcc/arm-none-eabi/13.3.1/thumb/v7e-m+fp/hard/libgcc.a(_dvmd_tls.o)
                0x08000514                __aeabi_ldiv0
                0x08000514                __aeabi_idiv0
 *(.text*)
 .text.__NVIC_EnableIRQ
                0x08000518       0x3c ./Core/Src/main.o
 .text.__NVIC_SetPriority
                0x08000554       0x54 ./Core/Src/main.o
 .text.main     0x080005a8       0x48 ./Core/Src/main.o
                0x080005a8                main
 .text.SystemClock_Config
                0x080005f0       0xe4 ./Core/Src/main.o
                0x080005f0                SystemClock_Config
 .text.my_GPIO_Init
                0x080006d4       0xb8 ./Core/Src/main.o
 .text.my_DMA_Init
                0x0800078c      0x138 ./Core/Src/main.o
 .text.my_I2C3_Init
                0x080008c4       0x4c ./Core/Src/main.o
 .text.I2C_Read_1Byte
                0x08000910      0x114 ./Core/Src/main.o
                0x08000910                I2C_Read_1Byte
 .text.I2C_Write_1Byte
                0x08000a24       0xcc ./Core/Src/main.o
                0x08000a24                I2C_Write_1Byte
 .text.I2C_Read_Via_DMA
                0x08000af0      0x1a0 ./Core/Src/main.o
                0x08000af0                I2C_Read_Via_DMA
 .text.STMPE811_Write_Reg_Safe
                0x08000c90      0x11c ./Core/Src/main.o
                0x08000c90                STMPE811_Write_Reg_Safe
 .text.STMPE811_Read_Reg_Simple
                0x08000dac       0xc0 ./Core/Src/main.o
                0x08000dac                STMPE811_Read_Reg_Simple
 .text.ReleaseSerialBus
                0x08000e6c      0x1ac ./Core/Src/main.o
                0x08000e6c                ReleaseSerialBus
 .text.stmpe811_TS_Start
                0x08001018      0x10a ./Core/Src/main.o
                0x08001018                stmpe811_TS_Start
 *fill*         0x08001122        0x2 
 .text.STMPE811_Init_Interrupts
                0x08001124       0x60 ./Core/Src/main.o
                0x08001124                STMPE811_Init_Interrupts
 .text.Touch_Interrupt_Init
                0x08001184       0xa8 ./Core/Src/main.o
                0x08001184                Touch_Interrupt_Init
 .text.stmpe811_IO_EnableAF
                0x0800122c       0x48 ./Core/Src/main.o
                0x0800122c                stmpe811_IO_EnableAF
 .text.Touch_Init
                0x08001274       0x3e ./Core/Src/main.o
                0x08001274                Touch_Init
 *fill*         0x080012b2        0x2 
 .text.Touch_Process
                0x080012b4       0x90 ./Core/Src/main.o
                0x080012b4                Touch_Process
 .text.stmpe811_TS_GetXY
                0x08001344       0x74 ./Core/Src/main.o
                0x08001344                stmpe811_TS_GetXY
 .text.I2C_Wait_Addr_With_Timeout
                0x080013b8       0x80 ./Core/Src/main.o
 .text.EXTI15_10_IRQHandler
                0x08001438       0x30 ./Core/Src/main.o
                0x08001438                EXTI15_10_IRQHandler
 .text.delay_ms
                0x08001468       0x34 ./Core/Src/main.o
 .text.Error_Handler
                0x0800149c        0x8 ./Core/Src/main.o
                0x0800149c                Error_Handler
 .text.HAL_MspInit
                0x080014a4       0x50 ./Core/Src/stm32f4xx_hal_msp.o
                0x080014a4                HAL_MspInit
 .text.__NVIC_EnableIRQ
                0x080014f4       0x3c ./Core/Src/stm32f4xx_it.o
 .text.__NVIC_ClearPendingIRQ
                0x08001530       0x3c ./Core/Src/stm32f4xx_it.o
 .text.NMI_Handler
                0x0800156c        0x8 ./Core/Src/stm32f4xx_it.o
                0x0800156c                NMI_Handler
 .text.HardFault_Handler
                0x08001574        0x8 ./Core/Src/stm32f4xx_it.o
                0x08001574                HardFault_Handler
 .text.MemManage_Handler
                0x0800157c        0x8 ./Core/Src/stm32f4xx_it.o
                0x0800157c                MemManage_Handler
 .text.BusFault_Handler
                0x08001584        0x8 ./Core/Src/stm32f4xx_it.o
                0x08001584                BusFault_Handler
 .text.UsageFault_Handler
                0x0800158c        0x8 ./Core/Src/stm32f4xx_it.o
                0x0800158c                UsageFault_Handler
 .text.SVC_Handler
                0x08001594        0xe ./Core/Src/stm32f4xx_it.o
                0x08001594                SVC_Handler
 .text.DebugMon_Handler
                0x080015a2        0xe ./Core/Src/stm32f4xx_it.o
                0x080015a2                DebugMon_Handler
 .text.PendSV_Handler
                0x080015b0        0xe ./Core/Src/stm32f4xx_it.o
                0x080015b0                PendSV_Handler
 .text.SysTick_Handler
                0x080015be        0xc ./Core/Src/stm32f4xx_it.o
                0x080015be                SysTick_Handler
 *fill*         0x080015ca        0x2 
 .text.DMA1_Stream2_IRQHandler
                0x080015cc       0xd8 ./Core/Src/stm32f4xx_it.o
                0x080015cc                DMA1_Stream2_IRQHandler
 .text.DMA1_Stream4_IRQHandler
                0x080016a4       0x64 ./Core/Src/stm32f4xx_it.o
                0x080016a4                DMA1_Stream4_IRQHandler
 .text.I2C3_EV_IRQHandler
                0x08001708       0x14 ./Core/Src/stm32f4xx_it.o
                0x08001708                I2C3_EV_IRQHandler
 .text.I2C3_ER_IRQHandler
                0x0800171c       0x14 ./Core/Src/stm32f4xx_it.o
                0x0800171c                I2C3_ER_IRQHandler
 .text.SystemInit
                0x08001730       0x24 ./Core/Src/system_stm32f4xx.o
                0x08001730                SystemInit
 .text.Reset_Handler
                0x08001754       0x50 ./Core/Startup/startup_stm32f429zitx.o
                0x08001754                Reset_Handler
 .text.Default_Handler
                0x080017a4        0x2 ./Core/Startup/startup_stm32f429zitx.o
                0x080017a4                RTC_Alarm_IRQHandler
                0x080017a4                HASH_RNG_IRQHandler
                0x080017a4                EXTI2_IRQHandler
                0x080017a4                TIM8_CC_IRQHandler
                0x080017a4                UART8_IRQHandler
                0x080017a4                SPI4_IRQHandler
                0x080017a4                TIM1_CC_IRQHandler
                0x080017a4                DMA2_Stream5_IRQHandler
                0x080017a4                DMA1_Stream5_IRQHandler
                0x080017a4                PVD_IRQHandler
                0x080017a4                SDIO_IRQHandler
                0x080017a4                TAMP_STAMP_IRQHandler
                0x080017a4                CAN2_RX1_IRQHandler
                0x080017a4                EXTI3_IRQHandler
                0x080017a4                TIM8_TRG_COM_TIM14_IRQHandler
                0x080017a4                TIM1_UP_TIM10_IRQHandler
                0x080017a4                TIM8_UP_TIM13_IRQHandler
                0x080017a4                EXTI0_IRQHandler
                0x080017a4                I2C2_EV_IRQHandler
                0x080017a4                CAN1_RX0_IRQHandler
                0x080017a4                FPU_IRQHandler
                0x080017a4                OTG_HS_WKUP_IRQHandler
                0x080017a4                LTDC_ER_IRQHandler
                0x080017a4                CAN2_SCE_IRQHandler
                0x080017a4                DMA2_Stream2_IRQHandler
                0x080017a4                SPI1_IRQHandler
                0x080017a4                TIM6_DAC_IRQHandler
                0x080017a4                TIM1_BRK_TIM9_IRQHandler
                0x080017a4                DCMI_IRQHandler
                0x080017a4                CAN2_RX0_IRQHandler
                0x080017a4                DMA2_Stream3_IRQHandler
                0x080017a4                USART6_IRQHandler
                0x080017a4                USART3_IRQHandler
                0x080017a4                CAN1_RX1_IRQHandler
                0x080017a4                UART5_IRQHandler
                0x080017a4                DMA2_Stream0_IRQHandler
                0x080017a4                TIM4_IRQHandler
                0x080017a4                I2C1_EV_IRQHandler
                0x080017a4                DMA1_Stream6_IRQHandler
                0x080017a4                DMA1_Stream1_IRQHandler
                0x080017a4                UART4_IRQHandler
                0x080017a4                TIM3_IRQHandler
                0x080017a4                RCC_IRQHandler
                0x080017a4                TIM8_BRK_TIM12_IRQHandler
                0x080017a4                Default_Handler
                0x080017a4                ADC_IRQHandler
                0x080017a4                DMA1_Stream7_IRQHandler
                0x080017a4                SPI5_IRQHandler
                0x080017a4                TIM7_IRQHandler
                0x080017a4                CAN2_TX_IRQHandler
                0x080017a4                TIM5_IRQHandler
                0x080017a4                DMA2_Stream7_IRQHandler
                0x080017a4                EXTI9_5_IRQHandler
                0x080017a4                RTC_WKUP_IRQHandler
                0x080017a4                LTDC_IRQHandler
                0x080017a4                ETH_WKUP_IRQHandler
                0x080017a4                SPI2_IRQHandler
                0x080017a4                OTG_HS_EP1_IN_IRQHandler
                0x080017a4                DMA1_Stream0_IRQHandler
                0x080017a4                CAN1_TX_IRQHandler
                0x080017a4                EXTI4_IRQHandler
                0x080017a4                ETH_IRQHandler
                0x080017a4                OTG_HS_EP1_OUT_IRQHandler
                0x080017a4                WWDG_IRQHandler
                0x080017a4                SPI6_IRQHandler
                0x080017a4                TIM2_IRQHandler
                0x080017a4                OTG_FS_WKUP_IRQHandler
                0x080017a4                TIM1_TRG_COM_TIM11_IRQHandler
                0x080017a4                OTG_HS_IRQHandler
                0x080017a4                DMA2D_IRQHandler
                0x080017a4                EXTI1_IRQHandler
                0x080017a4                UART7_IRQHandler
                0x080017a4                USART2_IRQHandler
                0x080017a4                I2C2_ER_IRQHandler
                0x080017a4                DMA2_Stream1_IRQHandler
                0x080017a4                CAN1_SCE_IRQHandler
                0x080017a4                FLASH_IRQHandler
                0x080017a4                DMA2_Stream4_IRQHandler
                0x080017a4                USART1_IRQHandler
                0x080017a4                OTG_FS_IRQHandler
                0x080017a4                SPI3_IRQHandler
                0x080017a4                I2C1_ER_IRQHandler
                0x080017a4                FMC_IRQHandler
                0x080017a4                DMA2_Stream6_IRQHandler
                0x080017a4                SAI1_IRQHandler
                0x080017a4                DMA1_Stream3_IRQHandler
 *fill*         0x080017a6        0x2 
 .text.HAL_Init
                0x080017a8       0x44 ./Drivers/STM32F4xx_HAL_Driver/Src/stm32f4xx_hal.o
                0x080017a8                HAL_Init
 .text.HAL_InitTick
                0x080017ec       0x60 ./Drivers/STM32F4xx_HAL_Driver/Src/stm32f4xx_hal.o
                0x080017ec                HAL_InitTick
 .text.HAL_IncTick
                0x0800184c       0x28 ./Drivers/STM32F4xx_HAL_Driver/Src/stm32f4xx_hal.o
                0x0800184c                HAL_IncTick
 .text.HAL_GetTick
                0x08001874       0x18 ./Drivers/STM32F4xx_HAL_Driver/Src/stm32f4xx_hal.o
                0x08001874                HAL_GetTick
 .text.__NVIC_SetPriorityGrouping
                0x0800188c       0x48 ./Drivers/STM32F4xx_HAL_Driver/Src/stm32f4xx_hal_cortex.o
 .text.__NVIC_GetPriorityGrouping
                0x080018d4       0x1c ./Drivers/STM32F4xx_HAL_Driver/Src/stm32f4xx_hal_cortex.o
 .text.__NVIC_SetPriority
                0x080018f0       0x54 ./Drivers/STM32F4xx_HAL_Driver/Src/stm32f4xx_hal_cortex.o
 .text.NVIC_EncodePriority
                0x08001944       0x66 ./Drivers/STM32F4xx_HAL_Driver/Src/stm32f4xx_hal_cortex.o
 *fill*         0x080019aa        0x2 
 .text.SysTick_Config
                0x080019ac       0x44 ./Drivers/STM32F4xx_HAL_Driver/Src/stm32f4xx_hal_cortex.o
 .text.HAL_NVIC_SetPriorityGrouping
                0x080019f0       0x16 ./Drivers/STM32F4xx_HAL_Driver/Src/stm32f4xx_hal_cortex.o
                0x080019f0                HAL_NVIC_SetPriorityGrouping
 .text.HAL_NVIC_SetPriority
                0x08001a06       0x38 ./Drivers/STM32F4xx_HAL_Driver/Src/stm32f4xx_hal_cortex.o
                0x08001a06                HAL_NVIC_SetPriority
 .text.HAL_SYSTICK_Config
                0x08001a3e       0x18 ./Drivers/STM32F4xx_HAL_Driver/Src/stm32f4xx_hal_cortex.o
                0x08001a3e                HAL_SYSTICK_Config
 .text.HAL_DMA_Abort_IT
                0x08001a56       0x44 ./Drivers/STM32F4xx_HAL_Driver/Src/stm32f4xx_hal_dma.o
                0x08001a56                HAL_DMA_Abort_IT
 .text.HAL_DMA_GetState
                0x08001a9a       0x1c ./Drivers/STM32F4xx_HAL_Driver/Src/stm32f4xx_hal_dma.o
                0x08001a9a                HAL_DMA_GetState
 .text.I2C_Flush_DR
                0x08001ab6       0x2a ./Drivers/STM32F4xx_HAL_Driver/Src/stm32f4xx_hal_i2c.o
 .text.HAL_I2C_EV_IRQHandler
                0x08001ae0      0x2e2 ./Drivers/STM32F4xx_HAL_Driver/Src/stm32f4xx_hal_i2c.o
                0x08001ae0                HAL_I2C_EV_IRQHandler
 .text.HAL_I2C_ER_IRQHandler
                0x08001dc2      0x14e ./Drivers/STM32F4xx_HAL_Driver/Src/stm32f4xx_hal_i2c.o
                0x08001dc2                HAL_I2C_ER_IRQHandler
 .text.HAL_I2C_MasterTxCpltCallback
                0x08001f10       0x14 ./Drivers/STM32F4xx_HAL_Driver/Src/stm32f4xx_hal_i2c.o
                0x08001f10                HAL_I2C_MasterTxCpltCallback
 .text.HAL_I2C_MasterRxCpltCallback
                0x08001f24       0x14 ./Drivers/STM32F4xx_HAL_Driver/Src/stm32f4xx_hal_i2c.o
                0x08001f24                HAL_I2C_MasterRxCpltCallback
 .text.HAL_I2C_SlaveTxCpltCallback
                0x08001f38       0x14 ./Drivers/STM32F4xx_HAL_Driver/Src/stm32f4xx_hal_i2c.o
                0x08001f38                HAL_I2C_SlaveTxCpltCallback
 .text.HAL_I2C_SlaveRxCpltCallback
                0x08001f4c       0x14 ./Drivers/STM32F4xx_HAL_Driver/Src/stm32f4xx_hal_i2c.o
                0x08001f4c                HAL_I2C_SlaveRxCpltCallback
 .text.HAL_I2C_AddrCallback
                0x08001f60       0x1c ./Drivers/STM32F4xx_HAL_Driver/Src/stm32f4xx_hal_i2c.o
                0x08001f60                HAL_I2C_AddrCallback
 .text.HAL_I2C_ListenCpltCallback
                0x08001f7c       0x14 ./Drivers/STM32F4xx_HAL_Driver/Src/stm32f4xx_hal_i2c.o
                0x08001f7c                HAL_I2C_ListenCpltCallback
 .text.HAL_I2C_MemTxCpltCallback
                0x08001f90       0x14 ./Drivers/STM32F4xx_HAL_Driver/Src/stm32f4xx_hal_i2c.o
                0x08001f90                HAL_I2C_MemTxCpltCallback
 .text.HAL_I2C_MemRxCpltCallback
                0x08001fa4       0x14 ./Drivers/STM32F4xx_HAL_Driver/Src/stm32f4xx_hal_i2c.o
                0x08001fa4                HAL_I2C_MemRxCpltCallback
 .text.HAL_I2C_ErrorCallback
                0x08001fb8       0x14 ./Drivers/STM32F4xx_HAL_Driver/Src/stm32f4xx_hal_i2c.o
                0x08001fb8                HAL_I2C_ErrorCallback
 .text.HAL_I2C_AbortCpltCallback
                0x08001fcc       0x14 ./Drivers/STM32F4xx_HAL_Driver/Src/stm32f4xx_hal_i2c.o
                0x08001fcc                HAL_I2C_AbortCpltCallback
 .text.I2C_MasterTransmit_TXE
                0x08001fe0      0x138 ./Drivers/STM32F4xx_HAL_Driver/Src/stm32f4xx_hal_i2c.o
 .text.I2C_MasterTransmit_BTF
                0x08002118       0xec ./Drivers/STM32F4xx_HAL_Driver/Src/stm32f4xx_hal_i2c.o
 .text.I2C_MemoryTransmit_TXE_BTF
                0x08002204      0x130 ./Drivers/STM32F4xx_HAL_Driver/Src/stm32f4xx_hal_i2c.o
 .text.I2C_MasterReceive_RXNE
                0x08002334      0x190 ./Drivers/STM32F4xx_HAL_Driver/Src/stm32f4xx_hal_i2c.o
 .text.I2C_MasterReceive_BTF
                0x080024c4      0x1e2 ./Drivers/STM32F4xx_HAL_Driver/Src/stm32f4xx_hal_i2c.o
 .text.I2C_Master_SB
                0x080026a6      0x10c ./Drivers/STM32F4xx_HAL_Driver/Src/stm32f4xx_hal_i2c.o
 .text.I2C_Master_ADD10
                0x080027b2       0x54 ./Drivers/STM32F4xx_HAL_Driver/Src/stm32f4xx_hal_i2c.o
 .text.I2C_Master_ADDR
                0x08002806      0x322 ./Drivers/STM32F4xx_HAL_Driver/Src/stm32f4xx_hal_i2c.o
 .text.I2C_SlaveTransmit_TXE
                0x08002b28       0x7a ./Drivers/STM32F4xx_HAL_Driver/Src/stm32f4xx_hal_i2c.o
 .text.I2C_SlaveTransmit_BTF
                0x08002ba2       0x42 ./Drivers/STM32F4xx_HAL_Driver/Src/stm32f4xx_hal_i2c.o
 .text.I2C_SlaveReceive_RXNE
                0x08002be4       0x7c ./Drivers/STM32F4xx_HAL_Driver/Src/stm32f4xx_hal_i2c.o
 .text.I2C_SlaveReceive_BTF
                0x08002c60       0x44 ./Drivers/STM32F4xx_HAL_Driver/Src/stm32f4xx_hal_i2c.o
 .text.I2C_Slave_ADDR
                0x08002ca4       0x94 ./Drivers/STM32F4xx_HAL_Driver/Src/stm32f4xx_hal_i2c.o
 .text.I2C_Slave_STOPF
                0x08002d38      0x260 ./Drivers/STM32F4xx_HAL_Driver/Src/stm32f4xx_hal_i2c.o
 .text.I2C_Slave_AF
                0x08002f98       0xe8 ./Drivers/STM32F4xx_HAL_Driver/Src/stm32f4xx_hal_i2c.o
 .text.I2C_ITError
                0x08003080      0x264 ./Drivers/STM32F4xx_HAL_Driver/Src/stm32f4xx_hal_i2c.o
 .text.I2C_DMAAbort
                0x080032e4      0x150 ./Drivers/STM32F4xx_HAL_Driver/Src/stm32f4xx_hal_i2c.o
 .text.I2C_WaitOnSTOPRequestThroughIT
                0x08003434       0x64 ./Drivers/STM32F4xx_HAL_Driver/Src/stm32f4xx_hal_i2c.o
 .text.I2C_ConvertOtherXferOptions
                0x08003498       0x36 ./Drivers/STM32F4xx_HAL_Driver/Src/stm32f4xx_hal_i2c.o
 *fill*         0x080034ce        0x2 
 .text.HAL_RCC_OscConfig
                0x080034d0      0x4f0 ./Drivers/STM32F4xx_HAL_Driver/Src/stm32f4xx_hal_rcc.o
                0x080034d0                HAL_RCC_OscConfig
 .text.HAL_RCC_ClockConfig
                0x080039c0      0x1cc ./Drivers/STM32F4xx_HAL_Driver/Src/stm32f4xx_hal_rcc.o
                0x080039c0                HAL_RCC_ClockConfig
 .text.HAL_RCC_GetSysClockFreq
                0x08003b8c      0x20c ./Drivers/STM32F4xx_HAL_Driver/Src/stm32f4xx_hal_rcc.o
                0x08003b8c                HAL_RCC_GetSysClockFreq
 .text.HAL_RCC_DeInit
                0x08003d98      0x1f0 ./Drivers/STM32F4xx_HAL_Driver/Src/stm32f4xx_hal_rcc_ex.o
                0x08003d98                HAL_RCC_DeInit
 .text.memset   0x08003f88       0x10 /opt/st/stm32cubeide_2.0.0/plugins/com.st.stm32cube.ide.mcu.externaltools.gnu-tools-for-stm32.13.3.rel1.linux64_1.0.100.202509120712/tools/bin/../lib/gcc/arm-none-eabi/13.3.1/../../../../arm-none-eabi/lib/thumb/v7e-m+fp/hard/libc_nano.a(libc_a-memset.o)
                0x08003f88                memset
 .text.__libc_init_array
                0x08003f98       0x48 /opt/st/stm32cubeide_2.0.0/plugins/com.st.stm32cube.ide.mcu.externaltools.gnu-tools-for-stm32.13.3.rel1.linux64_1.0.100.202509120712/tools/bin/../lib/gcc/arm-none-eabi/13.3.1/../../../../arm-none-eabi/lib/thumb/v7e-m+fp/hard/libc_nano.a(libc_a-init.o)
                0x08003f98                __libc_init_array
 *(.glue_7)
 .glue_7        0x08003fe0        0x0 linker stubs
 *(.glue_7t)
 .glue_7t       0x08003fe0        0x0 linker stubs
 *(.eh_frame)
 .eh_frame      0x08003fe0        0x0 /opt/st/stm32cubeide_2.0.0/plugins/com.st.stm32cube.ide.mcu.externaltools.gnu-tools-for-stm32.13.3.rel1.linux64_1.0.100.202509120712/tools/bin/../lib/gcc/arm-none-eabi/13.3.1/thumb/v7e-m+fp/hard/crtbegin.o
 *(.init)
 .init          0x08003fe0        0x4 /opt/st/stm32cubeide_2.0.0/plugins/com.st.stm32cube.ide.mcu.externaltools.gnu-tools-for-stm32.13.3.rel1.linux64_1.0.100.202509120712/tools/bin/../lib/gcc/arm-none-eabi/13.3.1/thumb/v7e-m+fp/hard/crti.o
                0x08003fe0                _init
 .init          0x08003fe4        0x8 /opt/st/stm32cubeide_2.0.0/plugins/com.st.stm32cube.ide.mcu.externaltools.gnu-tools-for-stm32.13.3.rel1.linux64_1.0.100.202509120712/tools/bin/../lib/gcc/arm-none-eabi/13.3.1/thumb/v7e-m+fp/hard/crtn.o
 *(.fini)
 .fini          0x08003fec        0x4 /opt/st/stm32cubeide_2.0.0/plugins/com.st.stm32cube.ide.mcu.externaltools.gnu-tools-for-stm32.13.3.rel1.linux64_1.0.100.202509120712/tools/bin/../lib/gcc/arm-none-eabi/13.3.1/thumb/v7e-m+fp/hard/crti.o
                0x08003fec                _fini
 .fini          0x08003ff0        0x8 /opt/st/stm32cubeide_2.0.0/plugins/com.st.stm32cube.ide.mcu.externaltools.gnu-tools-for-stm32.13.3.rel1.linux64_1.0.100.202509120712/tools/bin/../lib/gcc/arm-none-eabi/13.3.1/thumb/v7e-m+fp/hard/crtn.o
                0x08003ff8                        . = ALIGN (0x4)
                0x08003ff8                        _etext = .

.vfp11_veneer   0x08003ff8        0x0
 .vfp11_veneer  0x08003ff8        0x0 linker stubs

.v4_bx          0x08003ff8        0x0
 .v4_bx         0x08003ff8        0x0 linker stubs

.iplt           0x08003ff8        0x0
 .iplt          0x08003ff8        0x0 /opt/st/stm32cubeide_2.0.0/plugins/com.st.stm32cube.ide.mcu.externaltools.gnu-tools-for-stm32.13.3.rel1.linux64_1.0.100.202509120712/tools/bin/../lib/gcc/arm-none-eabi/13.3.1/thumb/v7e-m+fp/hard/crtbegin.o

.rodata         0x08003ff8       0x10
                0x08003ff8                        . = ALIGN (0x4)
 *(.rodata)
 *(.rodata*)
 .rodata.AHBPrescTable
                0x08003ff8       0x10 ./Core/Src/system_stm32f4xx.o
                0x08003ff8                AHBPrescTable
                0x08004008                        . = ALIGN (0x4)

.ARM.extab      0x08004008        0x0
                0x08004008                        . = ALIGN (0x4)
 *(.ARM.extab* .gnu.linkonce.armextab.*)
                0x08004008                        . = ALIGN (0x4)

.ARM            0x08004008        0x8
                0x08004008                        . = ALIGN (0x4)
                0x08004008                        __exidx_start = .
 *(.ARM.exidx*)
 .ARM.exidx     0x08004008        0x8 /opt/st/stm32cubeide_2.0.0/plugins/com.st.stm32cube.ide.mcu.externaltools.gnu-tools-for-stm32.13.3.rel1.linux64_1.0.100.202509120712/tools/bin/../lib/gcc/arm-none-eabi/13.3.1/thumb/v7e-m+fp/hard/libgcc.a(_udivmoddi4.o)
                0x08004010                        __exidx_end = .
                0x08004010                        . = ALIGN (0x4)

.preinit_array  0x08004010        0x0
                0x08004010                        . = ALIGN (0x4)
                0x08004010                        PROVIDE (__preinit_array_start = .)
 *(.preinit_array*)
                0x08004010                        PROVIDE (__preinit_array_end = .)
                0x08004010                        . = ALIGN (0x4)

.init_array     0x08004010        0x4
                0x08004010                        . = ALIGN (0x4)
                0x08004010                        PROVIDE (__init_array_start = .)
 *(SORT_BY_NAME(.init_array.*))
 *(.init_array*)
 .init_array    0x08004010        0x4 /opt/st/stm32cubeide_2.0.0/plugins/com.st.stm32cube.ide.mcu.externaltools.gnu-tools-for-stm32.13.3.rel1.linux64_1.0.100.202509120712/tools/bin/../lib/gcc/arm-none-eabi/13.3.1/thumb/v7e-m+fp/hard/crtbegin.o
                0x08004014                        PROVIDE (__init_array_end = .)
                0x08004014                        . = ALIGN (0x4)

.fini_array     0x08004014        0x4
                0x08004014                        . = ALIGN (0x4)
                [!provide]                        PROVIDE (__fini_array_start = .)
 *(SORT_BY_NAME(.fini_array.*))
 *(.fini_array*)
 .fini_array    0x08004014        0x4 /opt/st/stm32cubeide_2.0.0/plugins/com.st.stm32cube.ide.mcu.externaltools.gnu-tools-for-stm32.13.3.rel1.linux64_1.0.100.202509120712/tools/bin/../lib/gcc/arm-none-eabi/13.3.1/thumb/v7e-m+fp/hard/crtbegin.o
                [!provide]                        PROVIDE (__fini_array_end = .)
                0x08004018                        . = ALIGN (0x4)
                0x08004018                        _sidata = LOADADDR (.data)

.rel.dyn        0x08004018        0x0
 .rel.iplt      0x08004018        0x0 /opt/st/stm32cubeide_2.0.0/plugins/com.st.stm32cube.ide.mcu.externaltools.gnu-tools-for-stm32.13.3.rel1.linux64_1.0.100.202509120712/tools/bin/../lib/gcc/arm-none-eabi/13.3.1/thumb/v7e-m+fp/hard/crtbegin.o

.data           0x20000000        0xc load address 0x08004018
                0x20000000                        . = ALIGN (0x4)
                0x20000000                        _sdata = .
 *(.data)
 *(.data*)
 .data.SystemCoreClock
                0x20000000        0x4 ./Core/Src/system_stm32f4xx.o
                0x20000000                SystemCoreClock
 .data.uwTickPrio
                0x20000004        0x4 ./Drivers/STM32F4xx_HAL_Driver/Src/stm32f4xx_hal.o
                0x20000004                uwTickPrio
 .data.uwTickFreq
                0x20000008        0x1 ./Drivers/STM32F4xx_HAL_Driver/Src/stm32f4xx_hal.o
                0x20000008                uwTickFreq
 *(.RamFunc)
 *(.RamFunc*)
                0x2000000c                        . = ALIGN (0x4)
 *fill*         0x20000009        0x3 
                0x2000000c                        _edata = .
                0x08004024                        _siccmram = LOADADDR (.ccmram)

.igot.plt       0x2000000c        0x0 load address 0x08004024
 .igot.plt      0x2000000c        0x0 /opt/st/stm32cubeide_2.0.0/plugins/com.st.stm32cube.ide.mcu.externaltools.gnu-tools-for-stm32.13.3.rel1.linux64_1.0.100.202509120712/tools/bin/../lib/gcc/arm-none-eabi/13.3.1/thumb/v7e-m+fp/hard/crtbegin.o

.ccmram         0x10000000        0x0 load address 0x08004024
                0x10000000                        . = ALIGN (0x4)
                0x10000000                        _sccmram = .
 *(.ccmram)
 *(.ccmram*)
                0x10000000                        . = ALIGN (0x4)
                0x10000000                        _eccmram = .
                0x10000000                        . = ALIGN (0x4)

.bss            0x2000000c       0x90
                0x2000000c                        _sbss = .
                0x2000000c                        __bss_start__ = _sbss
 *(.bss)
 .bss           0x2000000c       0x1c /opt/st/stm32cubeide_2.0.0/plugins/com.st.stm32cube.ide.mcu.externaltools.gnu-tools-for-stm32.13.3.rel1.linux64_1.0.100.202509120712/tools/bin/../lib/gcc/arm-none-eabi/13.3.1/thumb/v7e-m+fp/hard/crtbegin.o
 *(.bss*)
 .bss.hi2c3     0x20000028       0x54 ./Core/Src/main.o
                0x20000028                hi2c3
 .bss.us_TouchPointX
                0x2000007c        0x2 ./Core/Src/main.o
                0x2000007c                us_TouchPointX
 .bss.us_TouchPointY
                0x2000007e        0x2 ./Core/Src/main.o
                0x2000007e                us_TouchPointY
 .bss.uc_TouchDetected
                0x20000080        0x1 ./Core/Src/main.o
                0x20000080                uc_TouchDetected
 .bss.g_I2C_TransferComplete
                0x20000081        0x1 ./Core/Src/main.o
                0x20000081                g_I2C_TransferComplete
 *fill*         0x20000082        0x2 
 .bss.stats_TotalTouches
                0x20000084        0x4 ./Core/Src/main.o
                0x20000084                stats_TotalTouches
 .bss.stats_I2C_Recoveries
                0x20000088        0x4 ./Core/Src/main.o
                0x20000088                stats_I2C_Recoveries
 .bss.stats_DMA_Timeouts
                0x2000008c        0x4 ./Core/Src/main.o
                0x2000008c                stats_DMA_Timeouts
 .bss.stats_StuckPinKicks
                0x20000090        0x4 ./Core/Src/main.o
                0x20000090                stats_StuckPinKicks
 .bss.ul_g_ms_ticks
                0x20000094        0x4 ./Core/Src/main.o
                0x20000094                ul_g_ms_ticks
 .bss.uwTick    0x20000098        0x4 ./Drivers/STM32F4xx_HAL_Driver/Src/stm32f4xx_hal.o
                0x20000098                uwTick
 *(COMMON)
                0x2000009c                        . = ALIGN (0x4)
                0x2000009c                        _ebss = .
                0x2000009c                        __bss_end__ = _ebss

._user_heap_stack
                0x2000009c      0x604
                0x200000a0                        . = ALIGN (0x8)
 *fill*         0x2000009c        0x4 
                [!provide]                        PROVIDE (end = .)
                0x200000a0                        PROVIDE (_end = .)
                0x200002a0                        . = (. + _Min_Heap_Size)
 *fill*         0x200000a0      0x200 
                0x200006a0                        . = (. + _Min_Stack_Size)
 *fill*         0x200002a0      0x400 
                0x200006a0                        . = ALIGN (0x8)

/DISCARD/
 libc.a(*)
 libm.a(*)
 libgcc.a(*)

.ARM.attributes
                0x00000000       0x30
 *(.ARM.attributes)
 .ARM.attributes
                0x00000000       0x22 /opt/st/stm32cubeide_2.0.0/plugins/com.st.stm32cube.ide.mcu.externaltools.gnu-tools-for-stm32.13.3.rel1.linux64_1.0.100.202509120712/tools/bin/../lib/gcc/arm-none-eabi/13.3.1/thumb/v7e-m+fp/hard/crti.o
 .ARM.attributes
                0x00000022       0x34 /opt/st/stm32cubeide_2.0.0/plugins/com.st.stm32cube.ide.mcu.externaltools.gnu-tools-for-stm32.13.3.rel1.linux64_1.0.100.202509120712/tools/bin/../lib/gcc/arm-none-eabi/13.3.1/thumb/v7e-m+fp/hard/crtbegin.o
 .ARM.attributes
                0x00000056       0x34 ./Core/Src/main.o
 .ARM.attributes
                0x0000008a       0x34 ./Core/Src/stm32f4xx_hal_msp.o
 .ARM.attributes
                0x000000be       0x34 ./Core/Src/stm32f4xx_it.o
 .ARM.attributes
                0x000000f2       0x34 ./Core/Src/system_stm32f4xx.o
 .ARM.attributes
                0x00000126       0x21 ./Core/Startup/startup_stm32f429zitx.o
 .ARM.attributes
                0x00000147       0x34 ./Drivers/STM32F4xx_HAL_Driver/Src/stm32f4xx_hal.o
 .ARM.attributes
                0x0000017b       0x34 ./Drivers/STM32F4xx_HAL_Driver/Src/stm32f4xx_hal_cortex.o
 .ARM.attributes
                0x000001af       0x34 ./Drivers/STM32F4xx_HAL_Driver/Src/stm32f4xx_hal_dma.o
 .ARM.attributes
                0x000001e3       0x34 ./Drivers/STM32F4xx_HAL_Driver/Src/stm32f4xx_hal_i2c.o
 .ARM.attributes
                0x00000217       0x34 ./Drivers/STM32F4xx_HAL_Driver/Src/stm32f4xx_hal_rcc.o
 .ARM.attributes
                0x0000024b       0x34 ./Drivers/STM32F4xx_HAL_Driver/Src/stm32f4xx_hal_rcc_ex.o
 .ARM.attributes
                0x0000027f       0x34 /opt/st/stm32cubeide_2.0.0/plugins/com.st.stm32cube.ide.mcu.externaltools.gnu-tools-for-stm32.13.3.rel1.linux64_1.0.100.202509120712/tools/bin/../lib/gcc/arm-none-eabi/13.3.1/../../../../arm-none-eabi/lib/thumb/v7e-m+fp/hard/libc_nano.a(libc_a-memset.o)
 .ARM.attributes
                0x000002b3       0x34 /opt/st/stm32cubeide_2.0.0/plugins/com.st.stm32cube.ide.mcu.externaltools.gnu-tools-for-stm32.13.3.rel1.linux64_1.0.100.202509120712/tools/bin/../lib/gcc/arm-none-eabi/13.3.1/../../../../arm-none-eabi/lib/thumb/v7e-m+fp/hard/libc_nano.a(libc_a-init.o)
 .ARM.attributes
                0x000002e7       0x22 /opt/st/stm32cubeide_2.0.0/plugins/com.st.stm32cube.ide.mcu.externaltools.gnu-tools-for-stm32.13.3.rel1.linux64_1.0.100.202509120712/tools/bin/../lib/gcc/arm-none-eabi/13.3.1/thumb/v7e-m+fp/hard/libgcc.a(_aeabi_uldivmod.o)
 .ARM.attributes
                0x00000309       0x34 /opt/st/stm32cubeide_2.0.0/plugins/com.st.stm32cube.ide.mcu.externaltools.gnu-tools-for-stm32.13.3.rel1.linux64_1.0.100.202509120712/tools/bin/../lib/gcc/arm-none-eabi/13.3.1/thumb/v7e-m+fp/hard/libgcc.a(_udivmoddi4.o)
 .ARM.attributes
                0x0000033d       0x22 /opt/st/stm32cubeide_2.0.0/plugins/com.st.stm32cube.ide.mcu.externaltools.gnu-tools-for-stm32.13.3.rel1.linux64_1.0.100.202509120712/tools/bin/../lib/gcc/arm-none-eabi/13.3.1/thumb/v7e-m+fp/hard/libgcc.a(_dvmd_tls.o)
 .ARM.attributes
                0x0000035f       0x22 /opt/st/stm32cubeide_2.0.0/plugins/com.st.stm32cube.ide.mcu.externaltools.gnu-tools-for-stm32.13.3.rel1.linux64_1.0.100.202509120712/tools/bin/../lib/gcc/arm-none-eabi/13.3.1/thumb/v7e-m+fp/hard/crtn.o
OUTPUT(i2c_dma_ioc.elf elf32-littlearm)
LOAD linker stubs
LOAD /opt/st/stm32cubeide_2.0.0/plugins/com.st.stm32cube.ide.mcu.externaltools.gnu-tools-for-stm32.13.3.rel1.linux64_1.0.100.202509120712/tools/bin/../lib/gcc/arm-none-eabi/13.3.1/../../../../arm-none-eabi/lib/thumb/v7e-m+fp/hard/libc.a
LOAD /opt/st/stm32cubeide_2.0.0/plugins/com.st.stm32cube.ide.mcu.externaltools.gnu-tools-for-stm32.13.3.rel1.linux64_1.0.100.202509120712/tools/bin/../lib/gcc/arm-none-eabi/13.3.1/../../../../arm-none-eabi/lib/thumb/v7e-m+fp/hard/libm.a
LOAD /opt/st/stm32cubeide_2.0.0/plugins/com.st.stm32cube.ide.mcu.externaltools.gnu-tools-for-stm32.13.3.rel1.linux64_1.0.100.202509120712/tools/bin/../lib/gcc/arm-none-eabi/13.3.1/thumb/v7e-m+fp/hard/libgcc.a

.debug_info     0x00000000     0x8b1f
 .debug_info    0x00000000     0x17fe ./Core/Src/main.o
 .debug_info    0x000017fe      0xd1b ./Core/Src/stm32f4xx_hal_msp.o
 .debug_info    0x00002519      0xcfd ./Core/Src/stm32f4xx_it.o
 .debug_info    0x00003216      0x52e ./Core/Src/system_stm32f4xx.o
 .debug_info    0x00003744       0x30 ./Core/Startup/startup_stm32f429zitx.o
 .debug_info    0x00003774      0x9ba ./Drivers/STM32F4xx_HAL_Driver/Src/stm32f4xx_hal.o
 .debug_info    0x0000412e      0xdc2 ./Drivers/STM32F4xx_HAL_Driver/Src/stm32f4xx_hal_cortex.o
 .debug_info    0x00004ef0      0x8e7 ./Drivers/STM32F4xx_HAL_Driver/Src/stm32f4xx_hal_dma.o
 .debug_info    0x000057d7     0x2421 ./Drivers/STM32F4xx_HAL_Driver/Src/stm32f4xx_hal_i2c.o
 .debug_info    0x00007bf8      0x8db ./Drivers/STM32F4xx_HAL_Driver/Src/stm32f4xx_hal_rcc.o
 .debug_info    0x000084d3      0x64c ./Drivers/STM32F4xx_HAL_Driver/Src/stm32f4xx_hal_rcc_ex.o

.debug_abbrev   0x00000000     0x189b
 .debug_abbrev  0x00000000      0x3e1 ./Core/Src/main.o
 .debug_abbrev  0x000003e1      0x21e ./Core/Src/stm32f4xx_hal_msp.o
 .debug_abbrev  0x000005ff      0x2b5 ./Core/Src/stm32f4xx_it.o
 .debug_abbrev  0x000008b4      0x11a ./Core/Src/system_stm32f4xx.o
 .debug_abbrev  0x000009ce       0x24 ./Core/Startup/startup_stm32f429zitx.o
 .debug_abbrev  0x000009f2      0x214 ./Drivers/STM32F4xx_HAL_Driver/Src/stm32f4xx_hal.o
 .debug_abbrev  0x00000c06      0x31d ./Drivers/STM32F4xx_HAL_Driver/Src/stm32f4xx_hal_cortex.o
 .debug_abbrev  0x00000f23      0x264 ./Drivers/STM32F4xx_HAL_Driver/Src/stm32f4xx_hal_dma.o
 .debug_abbrev  0x00001187      0x2ad ./Drivers/STM32F4xx_HAL_Driver/Src/stm32f4xx_hal_i2c.o
 .debug_abbrev  0x00001434      0x2b7 ./Drivers/STM32F4xx_HAL_Driver/Src/stm32f4xx_hal_rcc.o
 .debug_abbrev  0x000016eb      0x1b0 ./Drivers/STM32F4xx_HAL_Driver/Src/stm32f4xx_hal_rcc_ex.o

.debug_aranges  0x00000000      0x858
 .debug_aranges
                0x00000000       0xf0 ./Core/Src/main.o
 .debug_aranges
                0x000000f0       0x38 ./Core/Src/stm32f4xx_hal_msp.o
 .debug_aranges
                0x00000128       0x98 ./Core/Src/stm32f4xx_it.o
 .debug_aranges
                0x000001c0       0x28 ./Core/Src/system_stm32f4xx.o
 .debug_aranges
                0x000001e8       0x28 ./Core/Startup/startup_stm32f429zitx.o
 .debug_aranges
                0x00000210      0x100 ./Drivers/STM32F4xx_HAL_Driver/Src/stm32f4xx_hal.o
 .debug_aranges
                0x00000310      0x130 ./Drivers/STM32F4xx_HAL_Driver/Src/stm32f4xx_hal_cortex.o
 .debug_aranges
                0x00000440       0x90 ./Drivers/STM32F4xx_HAL_Driver/Src/stm32f4xx_hal_dma.o
 .debug_aranges
                0x000004d0      0x2a8 ./Drivers/STM32F4xx_HAL_Driver/Src/stm32f4xx_hal_i2c.o
 .debug_aranges
                0x00000778       0x88 ./Drivers/STM32F4xx_HAL_Driver/Src/stm32f4xx_hal_rcc.o
 .debug_aranges
                0x00000800       0x58 ./Drivers/STM32F4xx_HAL_Driver/Src/stm32f4xx_hal_rcc_ex.o

.debug_rnglists
                0x00000000      0x673
 .debug_rnglists
                0x00000000       0xbc ./Core/Src/main.o
 .debug_rnglists
                0x000000bc       0x26 ./Core/Src/stm32f4xx_hal_msp.o
 .debug_rnglists
                0x000000e2       0x6e ./Core/Src/stm32f4xx_it.o
 .debug_rnglists
                0x00000150       0x1a ./Core/Src/system_stm32f4xx.o
 .debug_rnglists
                0x0000016a       0x19 ./Core/Startup/startup_stm32f429zitx.o
 .debug_rnglists
                0x00000183       0xbb ./Drivers/STM32F4xx_HAL_Driver/Src/stm32f4xx_hal.o
 .debug_rnglists
                0x0000023e       0xe0 ./Drivers/STM32F4xx_HAL_Driver/Src/stm32f4xx_hal_cortex.o
 .debug_rnglists
                0x0000031e       0x70 ./Drivers/STM32F4xx_HAL_Driver/Src/stm32f4xx_hal_dma.o
 .debug_rnglists
                0x0000038e      0x23c ./Drivers/STM32F4xx_HAL_Driver/Src/stm32f4xx_hal_i2c.o
 .debug_rnglists
                0x000005ca       0x66 ./Drivers/STM32F4xx_HAL_Driver/Src/stm32f4xx_hal_rcc.o
 .debug_rnglists
                0x00000630       0x43 ./Drivers/STM32F4xx_HAL_Driver/Src/stm32f4xx_hal_rcc_ex.o

.debug_macro    0x00000000    0x227a1
 .debug_macro   0x00000000      0x354 ./Core/Src/main.o
 .debug_macro   0x00000354      0xad8 ./Core/Src/main.o
 .debug_macro   0x00000e2c      0x295 ./Core/Src/main.o
 .debug_macro   0x000010c1       0x2e ./Core/Src/main.o
 .debug_macro   0x000010ef       0x28 ./Core/Src/main.o
 .debug_macro   0x00001117       0x22 ./Core/Src/main.o
 .debug_macro   0x00001139       0x8e ./Core/Src/main.o
 .debug_macro   0x000011c7       0x51 ./Core/Src/main.o
 .debug_macro   0x00001218      0x103 ./Core/Src/main.o
 .debug_macro   0x0000131b       0x6a ./Core/Src/main.o
 .debug_macro   0x00001385      0x1df ./Core/Src/main.o
 .debug_macro   0x00001564       0x1c ./Core/Src/main.o
 .debug_macro   0x00001580       0x22 ./Core/Src/main.o
 .debug_macro   0x000015a2       0xfb ./Core/Src/main.o
 .debug_macro   0x0000169d     0x1011 ./Core/Src/main.o
 .debug_macro   0x000026ae      0x11f ./Core/Src/main.o
 .debug_macro   0x000027cd    0x17ff1 ./Core/Src/main.o
 .debug_macro   0x0001a7be       0x6d ./Core/Src/main.o
 .debug_macro   0x0001a82b     0x370a ./Core/Src/main.o
 .debug_macro   0x0001df35      0x190 ./Core/Src/main.o
 .debug_macro   0x0001e0c5       0x5c ./Core/Src/main.o
 .debug_macro   0x0001e121      0xcba ./Core/Src/main.o
 .debug_macro   0x0001eddb      0x9e9 ./Core/Src/main.o
 .debug_macro   0x0001f7c4      0x115 ./Core/Src/main.o
 .debug_macro   0x0001f8d9      0x156 ./Core/Src/main.o
 .debug_macro   0x0001fa2f       0xa5 ./Core/Src/main.o
 .debug_macro   0x0001fad4      0x182 ./Core/Src/main.o
 .debug_macro   0x0001fc56      0x287 ./Core/Src/main.o
 .debug_macro   0x0001fedd       0x5f ./Core/Src/main.o
 .debug_macro   0x0001ff3c      0x236 ./Core/Src/main.o
 .debug_macro   0x00020172      0x132 ./Core/Src/main.o
 .debug_macro   0x000202a4      0x41d ./Core/Src/main.o
 .debug_macro   0x000206c1       0x2e ./Core/Src/main.o
 .debug_macro   0x000206ef      0x1b5 ./Core/Src/main.o
 .debug_macro   0x000208a4       0x22 ./Core/Src/main.o
 .debug_macro   0x000208c6       0xd6 ./Core/Src/main.o
 .debug_macro   0x0002099c      0x127 ./Core/Src/main.o
 .debug_macro   0x00020ac3       0xe2 ./Core/Src/main.o
 .debug_macro   0x00020ba5       0x89 ./Core/Src/main.o
 .debug_macro   0x00020c2e      0x134 ./Core/Src/main.o
 .debug_macro   0x00020d62       0x61 ./Core/Src/main.o
 .debug_macro   0x00020dc3       0x2a ./Core/Src/main.o
 .debug_macro   0x00020ded       0x43 ./Core/Src/main.o
 .debug_macro   0x00020e30       0x34 ./Core/Src/main.o
 .debug_macro   0x00020e64      0x370 ./Core/Src/main.o
 .debug_macro   0x000211d4       0x16 ./Core/Src/main.o
 .debug_macro   0x000211ea       0x4a ./Core/Src/main.o
 .debug_macro   0x00021234       0x34 ./Core/Src/main.o
 .debug_macro   0x00021268       0x10 ./Core/Src/main.o
 .debug_macro   0x00021278       0x58 ./Core/Src/main.o
 .debug_macro   0x000212d0       0x8e ./Core/Src/main.o
 .debug_macro   0x0002135e       0x1c ./Core/Src/main.o
 .debug_macro   0x0002137a      0x185 ./Core/Src/main.o
 .debug_macro   0x000214ff      0x19b ./Core/Src/main.o
 .debug_macro   0x0002169a      0x1d3 ./Core/Src/stm32f4xx_hal_msp.o
 .debug_macro   0x0002186d      0x1dd ./Core/Src/stm32f4xx_it.o
 .debug_macro   0x00021a4a      0x1c9 ./Core/Src/system_stm32f4xx.o
 .debug_macro   0x00021c13      0x229 ./Drivers/STM32F4xx_HAL_Driver/Src/stm32f4xx_hal.o
 .debug_macro   0x00021e3c      0x1c9 ./Drivers/STM32F4xx_HAL_Driver/Src/stm32f4xx_hal_cortex.o
 .debug_macro   0x00022005      0x1cf ./Drivers/STM32F4xx_HAL_Driver/Src/stm32f4xx_hal_dma.o
 .debug_macro   0x000221d4      0x217 ./Drivers/STM32F4xx_HAL_Driver/Src/stm32f4xx_hal_i2c.o
 .debug_macro   0x000223eb      0x1ed ./Drivers/STM32F4xx_HAL_Driver/Src/stm32f4xx_hal_rcc.o
 .debug_macro   0x000225d8      0x1c9 ./Drivers/STM32F4xx_HAL_Driver/Src/stm32f4xx_hal_rcc_ex.o

.debug_line     0x00000000     0xa323
 .debug_line    0x00000000     0x13bc ./Core/Src/main.o
 .debug_line    0x000013bc      0x756 ./Core/Src/stm32f4xx_hal_msp.o
 .debug_line    0x00001b12      0x8ae ./Core/Src/stm32f4xx_it.o
 .debug_line    0x000023c0      0x6ed ./Core/Src/system_stm32f4xx.o
 .debug_line    0x00002aad       0x7a ./Core/Startup/startup_stm32f429zitx.o
 .debug_line    0x00002b27      0x99f ./Drivers/STM32F4xx_HAL_Driver/Src/stm32f4xx_hal.o
 .debug_line    0x000034c6      0xc39 ./Drivers/STM32F4xx_HAL_Driver/Src/stm32f4xx_hal_cortex.o
 .debug_line    0x000040ff      0xed5 ./Drivers/STM32F4xx_HAL_Driver/Src/stm32f4xx_hal_dma.o
 .debug_line    0x00004fd4     0x3a16 ./Drivers/STM32F4xx_HAL_Driver/Src/stm32f4xx_hal_i2c.o
 .debug_line    0x000089ea      0xd78 ./Drivers/STM32F4xx_HAL_Driver/Src/stm32f4xx_hal_rcc.o
 .debug_line    0x00009762      0xbc1 ./Drivers/STM32F4xx_HAL_Driver/Src/stm32f4xx_hal_rcc_ex.o

.debug_str      0x00000000    0xd2389
 .debug_str     0x00000000    0xd2389 ./Core/Src/main.o
                              0xd0844 (size before relaxing)
 .debug_str     0x000d2389        0x0 ./Core/Src/stm32f4xx_hal_msp.o
                              0xcc617 (size before relaxing)
 .debug_str     0x000d2389        0x0 ./Core/Src/stm32f4xx_it.o
                              0xcc608 (size before relaxing)
 .debug_str     0x000d2389        0x0 ./Core/Src/system_stm32f4xx.o
                              0xcba8e (size before relaxing)
 .debug_str     0x000d2389        0x0 ./Core/Startup/startup_stm32f429zitx.o
                                 0x7b (size before relaxing)
 .debug_str     0x000d2389        0x0 ./Drivers/STM32F4xx_HAL_Driver/Src/stm32f4xx_hal.o
                              0xcc6b1 (size before relaxing)
 .debug_str     0x000d2389        0x0 ./Drivers/STM32F4xx_HAL_Driver/Src/stm32f4xx_hal_cortex.o
                              0xcc3df (size before relaxing)
 .debug_str     0x000d2389        0x0 ./Drivers/STM32F4xx_HAL_Driver/Src/stm32f4xx_hal_dma.o
                              0xcbe95 (size before relaxing)
 .debug_str     0x000d2389        0x0 ./Drivers/STM32F4xx_HAL_Driver/Src/stm32f4xx_hal_i2c.o
                              0xcca9e (size before relaxing)
 .debug_str     0x000d2389        0x0 ./Drivers/STM32F4xx_HAL_Driver/Src/stm32f4xx_hal_rcc.o
                              0xcbec2 (size before relaxing)
 .debug_str     0x000d2389        0x0 ./Drivers/STM32F4xx_HAL_Driver/Src/stm32f4xx_hal_rcc_ex.o
                              0xcbc89 (size before relaxing)

.comment        0x00000000       0x43
 .comment       0x00000000       0x43 ./Core/Src/main.o
                                 0x44 (size before relaxing)
 .comment       0x00000043        0x0 ./Core/Src/stm32f4xx_hal_msp.o
                                 0x44 (size before relaxing)
 .comment       0x00000043        0x0 ./Core/Src/stm32f4xx_it.o
                                 0x44 (size before relaxing)
 .comment       0x00000043        0x0 ./Core/Src/system_stm32f4xx.o
                                 0x44 (size before relaxing)
 .comment       0x00000043        0x0 ./Drivers/STM32F4xx_HAL_Driver/Src/stm32f4xx_hal.o
                                 0x44 (size before relaxing)
 .comment       0x00000043        0x0 ./Drivers/STM32F4xx_HAL_Driver/Src/stm32f4xx_hal_cortex.o
                                 0x44 (size before relaxing)
 .comment       0x00000043        0x0 ./Drivers/STM32F4xx_HAL_Driver/Src/stm32f4xx_hal_dma.o
                                 0x44 (size before relaxing)
 .comment       0x00000043        0x0 ./Drivers/STM32F4xx_HAL_Driver/Src/stm32f4xx_hal_i2c.o
                                 0x44 (size before relaxing)
 .comment       0x00000043        0x0 ./Drivers/STM32F4xx_HAL_Driver/Src/stm32f4xx_hal_rcc.o
                                 0x44 (size before relaxing)
 .comment       0x00000043        0x0 ./Drivers/STM32F4xx_HAL_Driver/Src/stm32f4xx_hal_rcc_ex.o
                                 0x44 (size before relaxing)

.debug_frame    0x00000000     0x2220
 .debug_frame   0x00000000      0x3c0 ./Core/Src/main.o
 .debug_frame   0x000003c0       0xa4 ./Core/Src/stm32f4xx_hal_msp.o
 .debug_frame   0x00000464      0x1f8 ./Core/Src/stm32f4xx_it.o
 .debug_frame   0x0000065c       0x58 ./Core/Src/system_stm32f4xx.o
 .debug_frame   0x000006b4      0x3b4 ./Drivers/STM32F4xx_HAL_Driver/Src/stm32f4xx_hal.o
 .debug_frame   0x00000a68      0x508 ./Drivers/STM32F4xx_HAL_Driver/Src/stm32f4xx_hal_cortex.o
 .debug_frame   0x00000f70      0x250 ./Drivers/STM32F4xx_HAL_Driver/Src/stm32f4xx_hal_dma.o
 .debug_frame   0x000011c0      0xc84 ./Drivers/STM32F4xx_HAL_Driver/Src/stm32f4xx_hal_i2c.o
 .debug_frame   0x00001e44      0x1f4 ./Drivers/STM32F4xx_HAL_Driver/Src/stm32f4xx_hal_rcc.o
 .debug_frame   0x00002038      0x13c ./Drivers/STM32F4xx_HAL_Driver/Src/stm32f4xx_hal_rcc_ex.o
 .debug_frame   0x00002174       0x20 /opt/st/stm32cubeide_2.0.0/plugins/com.st.stm32cube.ide.mcu.externaltools.gnu-tools-for-stm32.13.3.rel1.linux64_1.0.100.202509120712/tools/bin/../lib/gcc/arm-none-eabi/13.3.1/../../../../arm-none-eabi/lib/thumb/v7e-m+fp/hard/libc_nano.a(libc_a-memset.o)
 .debug_frame   0x00002194       0x2c /opt/st/stm32cubeide_2.0.0/plugins/com.st.stm32cube.ide.mcu.externaltools.gnu-tools-for-stm32.13.3.rel1.linux64_1.0.100.202509120712/tools/bin/../lib/gcc/arm-none-eabi/13.3.1/../../../../arm-none-eabi/lib/thumb/v7e-m+fp/hard/libc_nano.a(libc_a-init.o)
 .debug_frame   0x000021c0       0x2c /opt/st/stm32cubeide_2.0.0/plugins/com.st.stm32cube.ide.mcu.externaltools.gnu-tools-for-stm32.13.3.rel1.linux64_1.0.100.202509120712/tools/bin/../lib/gcc/arm-none-eabi/13.3.1/thumb/v7e-m+fp/hard/libgcc.a(_aeabi_uldivmod.o)
 .debug_frame   0x000021ec       0x34 /opt/st/stm32cubeide_2.0.0/plugins/com.st.stm32cube.ide.mcu.externaltools.gnu-tools-for-stm32.13.3.rel1.linux64_1.0.100.202509120712/tools/bin/../lib/gcc/arm-none-eabi/13.3.1/thumb/v7e-m+fp/hard/libgcc.a(_udivmoddi4.o)

.debug_line_str
                0x00000000       0x5f
 .debug_line_str
                0x00000000       0x5f ./Core/Startup/startup_stm32f429zitx.o
