../Drivers/CMSIS/Include/core_cm4.h:1684:22:__NVIC_EnableIRQ	16	static,ignoring_inline_asm
../Drivers/CMSIS/Include/core_cm4.h:1814:22:__NVIC_SetPriority	16	static
../Core/Src/main.c:146:5:main	8	static,ignoring_inline_asm
../Core/Src/main.c:212:6:SystemClock_Config	88	static
../Core/Src/main.c:277:13:my_GPIO_Init	4	static
../Core/Src/main.c:318:13:my_DMA_Init	8	static
../Core/Src/main.c:398:13:my_I2C3_Init	4	static
../Core/Src/main.c:420:9:I2C_Read_1Byte	16	static
../Core/Src/main.c:471:6:I2C_Write_1Byte	16	static
../Core/Src/main.c:513:10:I2C_Read_Via_DMA	24	static,ignoring_inline_asm
../Core/Src/main.c:581:9:STMPE811_Write_Reg_Safe	24	static
../Core/Src/main.c:616:9:STMPE811_Read_Reg_Simple	16	static
../Core/Src/main.c:651:6:ReleaseSerialBus	32	static
../Core/Src/main.c:708:6:stmpe811_TS_Start	24	static
../Core/Src/main.c:768:6:STMPE811_Init_Interrupts	16	static
../Core/Src/main.c:800:6:Touch_Interrupt_Init	8	static
../Core/Src/main.c:837:6:stmpe811_IO_EnableAF	24	static
../Core/Src/main.c:853:6:Touch_Init	16	static
../Core/Src/main.c:868:9:stmpe811_TS_DetectTouch	24	static
../Core/Src/main.c:896:6:Touch_Process	8	static
../Core/Src/main.c:932:9:stmpe811_TS_GetXY	32	static
../Core/Src/main.c:950:8:get_xy_safe	32	static
../Core/Src/main.c:993:23:I2C_Wait_Addr_With_Timeout	16	static
../Core/Src/main.c:1016:6:EXTI15_10_IRQHandler	4	static
../Core/Src/main.c:1030:6:STMPE811_Emergency_Clear	8	static
../Core/Src/main.c:1046:6:Error_Handler	4	static
