../Drivers/CMSIS/Include/core_cm4.h:1684:22:__NVIC_EnableIRQ	16	static,ignoring_inline_asm
../Drivers/CMSIS/Include/core_cm4.h:1814:22:__NVIC_SetPriority	16	static
../Core/Src/main.c:81:5:main	16	static
../Core/Src/main.c:131:6:SystemClock_Config	88	static
../Core/Src/main.c:178:13:MX_I2C3_Init	8	static
../Core/Src/main.c:224:13:MX_DMA_Init	16	static
../Core/Src/main.c:245:13:MX_GPIO_Init	16	static
../Core/Src/main.c:264:6:HAL_I2C_MasterTxCpltCallback	16	static,ignoring_inline_asm
../Core/Src/main.c:278:13:my_GPIO_Init	4	static
../Core/Src/main.c:330:13:my_DMA_Init	8	static
../Core/Src/main.c:405:13:my_I2C3_Init	4	static
../Core/Src/main.c:436:6:I2C_Read_1Byte	24	static
../Core/Src/main.c:477:6:I2C_Write_Via_DMA	24	static
../Core/Src/main.c:546:13:DMA_Transmit	16	static
../Core/Src/main.c:580:6:I2C_Read_Via_DMA	16	static
../Core/Src/main.c:691:13:DMA_Receive	16	static
../Core/Src/main.c:733:6:Error_Handler	4	static,ignoring_inline_asm
