../Drivers/CMSIS/Include/core_cm4.h:1684:22:__NVIC_EnableIRQ	16	static,ignoring_inline_asm
../Drivers/CMSIS/Include/core_cm4.h:1814:22:__NVIC_SetPriority	16	static
../Core/Src/main.c:79:5:main	16	static
../Core/Src/main.c:137:6:SystemClock_Config	88	static
../Core/Src/main.c:184:13:MX_I2C3_Init	8	static
../Core/Src/main.c:230:13:MX_DMA_Init	16	static
../Core/Src/main.c:251:13:MX_GPIO_Init	16	static
../Core/Src/main.c:270:6:HAL_I2C_MasterTxCpltCallback	16	static,ignoring_inline_asm
../Core/Src/main.c:284:13:my_GPIO_Init	4	static
../Core/Src/main.c:336:13:my_DMA_Init	8	static
../Core/Src/main.c:411:13:my_I2C3_Init	4	static
../Core/Src/main.c:442:6:I2C_Read_1Byte	24	static
../Core/Src/main.c:481:6:I2C_Read_Via_DMA	4	static
../Core/Src/main.c:482:13:DMA_Receive	4	static
../Core/Src/main.c:485:6:I2C_Write_Via_DMA	24	static
../Core/Src/main.c:548:13:DMA_Transmit	16	static
../Core/Src/main.c:583:6:DMA_I2C_Read_Rx	16	static
../Core/Src/main.c:608:6:Error_Handler	4	static,ignoring_inline_asm
