../Drivers/CMSIS/Include/core_cm4.h:1684:22:__NVIC_EnableIRQ	16	static,ignoring_inline_asm
../Drivers/CMSIS/Include/core_cm4.h:1814:22:__NVIC_SetPriority	16	static
../Core/Src/main.c:82:5:main	16	static
../Core/Src/main.c:136:6:SystemClock_Config	88	static
../Core/Src/main.c:183:13:MX_I2C3_Init	8	static
../Core/Src/main.c:229:13:MX_DMA_Init	16	static
../Core/Src/main.c:250:13:MX_GPIO_Init	16	static
../Core/Src/main.c:269:6:HAL_I2C_MasterTxCpltCallback	16	static,ignoring_inline_asm
../Core/Src/main.c:283:13:my_GPIO_Init	16	static
../Core/Src/main.c:338:13:my_DMA_Init	8	static
../Core/Src/main.c:413:13:my_I2C3_Init	4	static
../Core/Src/main.c:447:6:I2C_Read_1Byte	24	static
../Core/Src/main.c:488:6:I2C_Write_Via_DMA	24	static
../Core/Src/main.c:557:13:DMA_Transmit	16	static
../Core/Src/main.c:591:6:I2C_Read_Via_DMA	16	static
../Core/Src/main.c:703:13:DMA_Receive	16	static
../Core/Src/main.c:738:6:ReleaseSerialBus	8	static
../Core/Src/main.c:821:6:Error_Handler	4	static,ignoring_inline_asm
