../Drivers/CMSIS/Include/core_cm4.h:1684:22:__NVIC_EnableIRQ	16	static,ignoring_inline_asm
../Drivers/CMSIS/Include/core_cm4.h:1814:22:__NVIC_SetPriority	16	static
../Core/Src/main.c:82:5:main	16	static
../Core/Src/main.c:142:6:SystemClock_Config	88	static
../Core/Src/main.c:189:13:MX_I2C3_Init	8	static
../Core/Src/main.c:235:13:MX_DMA_Init	16	static
../Core/Src/main.c:256:13:MX_GPIO_Init	16	static
../Core/Src/main.c:275:6:HAL_I2C_MasterTxCpltCallback	16	static,ignoring_inline_asm
../Core/Src/main.c:289:13:my_GPIO_Init	4	static
../Core/Src/main.c:346:13:my_DMA_Init	8	static
../Core/Src/main.c:424:13:my_I2C3_Init	4	static
../Core/Src/main.c:457:6:I2C_Read_1Byte	24	static
../Core/Src/main.c:498:6:I2C_Write_Via_DMA	24	static
../Core/Src/main.c:567:13:DMA_Transmit	16	static
../Core/Src/main.c:602:6:I2C_Read_Via_DMA	16	static
../Core/Src/main.c:714:13:DMA_Receive	16	static
../Core/Src/main.c:749:6:ReleaseSerialBus	16	static
../Core/Src/main.c:862:6:Error_Handler	4	static,ignoring_inline_asm
