../Drivers/CMSIS/Include/core_cm4.h:1684:22:__NVIC_EnableIRQ	2
../Drivers/CMSIS/Include/core_cm4.h:1814:22:__NVIC_SetPriority	2
../Core/Src/main.c:129:5:main	2
../Core/Src/main.c:187:6:SystemClock_Config	3
../Core/Src/main.c:250:13:my_GPIO_Init	2
../Core/Src/main.c:296:13:my_DMA_Init	3
../Core/Src/main.c:378:13:my_I2C3_Init	2
../Core/Src/main.c:407:9:I2C_Read_1Byte	8
../Core/Src/main.c:450:6:I2C_Write_1Byte	7
../Core/Src/main.c:486:13:DMA_Transmit	3
../Core/Src/main.c:521:6:I2C_Read_Via_DMA	9
../Core/Src/main.c:592:13:DMA_Receive	3
../Core/Src/main.c:630:6:ReleaseSerialBus	8
../Core/Src/main.c:715:6:stmpe811_TS_Start	1
../Core/Src/main.c:762:6:stmpe811_IO_EnableAF	1
../Core/Src/main.c:773:6:Touch_Init	1
../Core/Src/main.c:788:9:stmpe811_TS_DetectTouch	3
../Core/Src/main.c:819:6:Touch_Process	2
../Core/Src/main.c:838:6:stmpe811_TS_GetXY	1
../Core/Src/main.c:868:6:Error_Handler	1
