../Drivers/CMSIS/Include/core_cm4.h:1684:22:__NVIC_EnableIRQ	16	static,ignoring_inline_asm
../Drivers/CMSIS/Include/core_cm4.h:1814:22:__NVIC_SetPriority	16	static
../Core/Src/main.c:128:5:main	8	static,ignoring_inline_asm
../Core/Src/main.c:185:6:SystemClock_Config	88	static
../Core/Src/main.c:248:13:my_GPIO_Init	4	static
../Core/Src/main.c:294:13:my_DMA_Init	8	static
../Core/Src/main.c:376:13:my_I2C3_Init	4	static
../Core/Src/main.c:405:9:I2C_Read_1Byte	16	static
../Core/Src/main.c:448:6:I2C_Write_1Byte	16	static
../Core/Src/main.c:484:13:DMA_Transmit	16	static
../Core/Src/main.c:519:6:I2C_Read_Via_DMA	16	static
../Core/Src/main.c:590:13:DMA_Receive	16	static
../Core/Src/main.c:628:6:ReleaseSerialBus	16	static
../Core/Src/main.c:713:6:stmpe811_TS_Start	24	static
../Core/Src/main.c:763:6:stmpe811_IO_EnableAF	24	static
../Core/Src/main.c:774:6:Touch_Init	16	static
../Core/Src/main.c:790:9:stmpe811_TS_DetectTouch	24	static
../Core/Src/main.c:825:6:Touch_Process	16	static
../Core/Src/main.c:844:6:stmpe811_TS_GetXY	24	static
../Core/Src/main.c:874:6:Error_Handler	4	static,ignoring_inline_asm
