../Drivers/CMSIS/Include/core_cm4.h:1684:22:__NVIC_EnableIRQ	16	static,ignoring_inline_asm
../Drivers/CMSIS/Include/core_cm4.h:1814:22:__NVIC_SetPriority	16	static
../Core/Src/main.c:119:5:main	16	static
../Core/Src/main.c:181:6:SystemClock_Config	88	static
../Core/Src/main.c:328:13:my_GPIO_Init	4	static
../Core/Src/main.c:374:13:my_DMA_Init	8	static
../Core/Src/main.c:456:13:my_I2C3_Init	4	static
../Core/Src/main.c:485:9:I2C_Read_1Byte	16	static
../Core/Src/main.c:529:6:I2C_Write_1Byte	16	static
../Core/Src/main.c:566:13:DMA_Transmit	16	static
../Core/Src/main.c:601:6:I2C_Read_Via_DMA	16	static
../Core/Src/main.c:665:13:DMA_Receive	16	static
../Core/Src/main.c:701:6:ReleaseSerialBus	16	static
../Core/Src/main.c:841:6:Error_Handler	4	static,ignoring_inline_asm
