../Drivers/CMSIS/Include/core_cm4.h:1684:22:__NVIC_EnableIRQ	16	static,ignoring_inline_asm
../Drivers/CMSIS/Include/core_cm4.h:1814:22:__NVIC_SetPriority	16	static
../Core/Src/main.c:77:5:main	16	static
../Core/Src/main.c:135:6:SystemClock_Config	88	static
../Core/Src/main.c:182:13:MX_I2C3_Init	8	static
../Core/Src/main.c:228:13:MX_DMA_Init	16	static
../Core/Src/main.c:249:13:MX_GPIO_Init	16	static
../Core/Src/main.c:268:6:HAL_I2C_MasterTxCpltCallback	16	static,ignoring_inline_asm
../Core/Src/main.c:282:13:my_GPIO_Init	4	static
../Core/Src/main.c:327:13:my_DMA_Init	8	static
../Core/Src/main.c:402:13:my_I2C3_Init	4	static
../Core/Src/main.c:432:6:I2CTransfer	4	static
../Core/Src/main.c:520:6:I2C_Read_1Byte	24	static
../Core/Src/main.c:602:6:Error_Handler	4	static,ignoring_inline_asm
