../Drivers/CMSIS/Include/core_cm4.h:1684:22:__NVIC_EnableIRQ	16	static,ignoring_inline_asm
../Drivers/CMSIS/Include/core_cm4.h:1814:22:__NVIC_SetPriority	16	static
../Core/Inc/main.h:48:22:i2c_status_str	16	static
../Core/Src/main.c:139:5:main	8	static,ignoring_inline_asm
../Core/Src/main.c:200:6:SystemClock_Config	88	static
../Core/Src/main.c:265:13:my_GPIO_Init	4	static
../Core/Src/main.c:306:13:my_DMA_Init	8	static
../Core/Src/main.c:386:13:my_I2C3_Init	4	static
../Core/Src/main.c:408:9:I2C_Read_1Byte	16	static
../Core/Src/main.c:459:6:I2C_Write_1Byte	16	static
../Core/Src/main.c:501:15:I2C_Read_Via_DMA	32	static,ignoring_inline_asm
../Core/Src/main.c:577:14:STMPE811_Write_Reg_Safe	24	static
../Core/Src/main.c:617:9:STMPE811_Read_Reg_Simple	16	static
../Core/Src/main.c:652:6:ReleaseSerialBus	32	static
../Core/Src/main.c:709:6:stmpe811_TS_Start	24	static
../Core/Src/main.c:769:6:STMPE811_Init_Interrupts	16	static
../Core/Src/main.c:801:6:Touch_Interrupt_Init	8	static
../Core/Src/main.c:838:6:stmpe811_IO_EnableAF	24	static
../Core/Src/main.c:854:6:Touch_Init	16	static
../Core/Src/main.c:869:9:stmpe811_TS_DetectTouch	24	static
../Core/Src/main.c:897:6:Touch_Process	8	static
../Core/Src/main.c:933:14:stmpe811_TS_GetXY	32	static
../Core/Src/main.c:959:21:I2C_Wait_Addr_With_Timeout	16	static
../Core/Src/main.c:982:6:EXTI15_10_IRQHandler	4	static
../Core/Src/main.c:996:6:STMPE811_Emergency_Clear	8	static
../Core/Src/main.c:1006:13:delay_ms	24	static,ignoring_inline_asm
../Core/Src/main.c:1021:6:Error_Handler	4	static
