../Drivers/CMSIS/Include/core_cm4.h:1684:22:__NVIC_EnableIRQ	16	static,ignoring_inline_asm
../Drivers/CMSIS/Include/core_cm4.h:1814:22:__NVIC_SetPriority	16	static
../Core/Src/main.c:142:5:main	8	static,ignoring_inline_asm
../Core/Src/main.c:208:6:SystemClock_Config	88	static
../Core/Src/main.c:271:13:my_GPIO_Init	4	static
../Core/Src/main.c:312:13:my_DMA_Init	8	static
../Core/Src/main.c:392:13:my_I2C3_Init	4	static
../Core/Src/main.c:414:9:I2C_Read_1Byte	16	static
../Core/Src/main.c:465:6:I2C_Write_1Byte	16	static
../Core/Src/main.c:507:10:I2C_Read_Via_DMA	24	static,ignoring_inline_asm
../Core/Src/main.c:575:9:STMPE811_Write_Reg_Safe	24	static
../Core/Src/main.c:610:9:STMPE811_Read_Reg_Simple	16	static
../Core/Src/main.c:645:6:ReleaseSerialBus	40	static
../Core/Src/main.c:702:6:stmpe811_TS_Start	24	static
../Core/Src/main.c:762:6:STMPE811_Init_Interrupts	16	static
../Core/Src/main.c:794:6:Touch_Interrupt_Init	8	static
../Core/Src/main.c:831:6:stmpe811_IO_EnableAF	24	static
../Core/Src/main.c:847:6:Touch_Init	16	static
../Core/Src/main.c:862:9:stmpe811_TS_DetectTouch	24	static
../Core/Src/main.c:892:6:Touch_Process	8	static
../Core/Src/main.c:920:9:stmpe811_TS_GetXY	32	static
../Core/Src/main.c:939:8:get_xy_safe	32	static
../Core/Src/main.c:983:23:I2C_Wait_Addr_With_Timeout	16	static
../Core/Src/main.c:1006:6:EXTI15_10_IRQHandler	4	static
../Core/Src/main.c:1020:6:STMPE811_Emergency_Clear	8	static
../Core/Src/main.c:1036:6:Error_Handler	4	static
