../Drivers/CMSIS/Include/core_cm4.h:1684:22:__NVIC_EnableIRQ	16	static,ignoring_inline_asm
../Drivers/CMSIS/Include/core_cm4.h:1814:22:__NVIC_SetPriority	16	static
../Core/Src/main.c:145:5:main	8	static,ignoring_inline_asm
../Core/Src/main.c:211:6:SystemClock_Config	88	static
../Core/Src/main.c:274:13:my_GPIO_Init	4	static
../Core/Src/main.c:315:13:my_DMA_Init	8	static
../Core/Src/main.c:395:13:my_I2C3_Init	4	static
../Core/Src/main.c:417:9:I2C_Read_1Byte	16	static
../Core/Src/main.c:468:6:I2C_Write_1Byte	16	static
../Core/Src/main.c:510:10:I2C_Read_Via_DMA	24	static,ignoring_inline_asm
../Core/Src/main.c:578:9:STMPE811_Write_Reg_Safe	24	static
../Core/Src/main.c:613:9:STMPE811_Read_Reg_Simple	16	static
../Core/Src/main.c:648:6:ReleaseSerialBus	32	static
../Core/Src/main.c:705:6:stmpe811_TS_Start	24	static
../Core/Src/main.c:765:6:STMPE811_Init_Interrupts	16	static
../Core/Src/main.c:797:6:Touch_Interrupt_Init	8	static
../Core/Src/main.c:834:6:stmpe811_IO_EnableAF	24	static
../Core/Src/main.c:850:6:Touch_Init	16	static
../Core/Src/main.c:865:9:stmpe811_TS_DetectTouch	24	static
../Core/Src/main.c:893:6:Touch_Process	8	static
../Core/Src/main.c:929:9:stmpe811_TS_GetXY	32	static
../Core/Src/main.c:948:8:get_xy_safe	32	static
../Core/Src/main.c:992:23:I2C_Wait_Addr_With_Timeout	16	static
../Core/Src/main.c:1015:6:EXTI15_10_IRQHandler	4	static
../Core/Src/main.c:1029:6:STMPE811_Emergency_Clear	8	static
../Core/Src/main.c:1045:6:Error_Handler	4	static
