../Drivers/CMSIS/Include/core_cm4.h:1684:22:__NVIC_EnableIRQ	2
../Drivers/CMSIS/Include/core_cm4.h:1814:22:__NVIC_SetPriority	2
../Core/Inc/main.h:48:22:i2c_status_str	6
../Core/Src/main.c:139:5:main	2
../Core/Src/main.c:200:6:SystemClock_Config	3
../Core/Src/main.c:265:13:my_GPIO_Init	2
../Core/Src/main.c:306:13:my_DMA_Init	3
../Core/Src/main.c:386:13:my_I2C3_Init	2
../Core/Src/main.c:408:9:I2C_Read_1Byte	9
../Core/Src/main.c:459:6:I2C_Write_1Byte	8
../Core/Src/main.c:501:15:I2C_Read_Via_DMA	12
../Core/Src/main.c:577:14:STMPE811_Write_Reg_Safe	12
../Core/Src/main.c:617:9:STMPE811_Read_Reg_Simple	7
../Core/Src/main.c:652:6:ReleaseSerialBus	8
../Core/Src/main.c:709:6:stmpe811_TS_Start	1
../Core/Src/main.c:769:6:STMPE811_Init_Interrupts	2
../Core/Src/main.c:801:6:Touch_Interrupt_Init	1
../Core/Src/main.c:838:6:stmpe811_IO_EnableAF	1
../Core/Src/main.c:854:6:Touch_Init	1
../Core/Src/main.c:869:9:stmpe811_TS_DetectTouch	3
../Core/Src/main.c:897:6:Touch_Process	6
../Core/Src/main.c:933:14:stmpe811_TS_GetXY	2
../Core/Src/main.c:959:21:I2C_Wait_Addr_With_Timeout	5
../Core/Src/main.c:982:6:EXTI15_10_IRQHandler	2
../Core/Src/main.c:996:6:STMPE811_Emergency_Clear	1
../Core/Src/main.c:1006:13:delay_ms	2
../Core/Src/main.c:1021:6:Error_Handler	1
