../Core/Inc/main.h:48:22:i2c_status_str	16	static
../Drivers/CMSIS/Include/core_cm4.h:1684:22:__NVIC_EnableIRQ	16	static,ignoring_inline_asm
../Drivers/CMSIS/Include/core_cm4.h:1814:22:__NVIC_SetPriority	16	static
../Core/Src/main.c:134:5:main	8	static,ignoring_inline_asm
../Core/Src/main.c:198:6:SystemClock_Config	4	static
../Core/Src/main.c:246:13:my_GPIO_Init	4	static
../Core/Src/main.c:287:13:my_DMA_Init	8	static
../Core/Src/main.c:367:13:my_I2C3_Init	4	static
../Core/Src/main.c:389:9:I2C_Read_1Byte	16	static
../Core/Src/main.c:440:6:I2C_Write_1Byte	16	static
../Core/Src/main.c:482:15:I2C_Read_Via_DMA	32	static,ignoring_inline_asm
../Core/Src/main.c:561:14:STMPE811_Write_Reg_Safe	24	static
../Core/Src/main.c:602:9:STMPE811_Read_Reg_Simple	16	static
../Core/Src/main.c:637:6:ReleaseSerialBus	32	static
../Core/Src/main.c:694:6:stmpe811_TS_Start	24	static
../Core/Src/main.c:754:6:STMPE811_Init_Interrupts	16	static
../Core/Src/main.c:786:6:Touch_Interrupt_Init	8	static
../Core/Src/main.c:823:6:stmpe811_IO_EnableAF	24	static
../Core/Src/main.c:839:6:Touch_Init	16	static
../Core/Src/main.c:854:9:stmpe811_TS_DetectTouch	24	static
../Core/Src/main.c:882:6:Touch_Process	16	static
../Core/Src/main.c:924:14:stmpe811_TS_GetXY	32	static
../Core/Src/main.c:951:21:I2C_Wait_Addr_With_Timeout	16	static
../Core/Src/main.c:974:6:EXTI15_10_IRQHandler	4	static
../Core/Src/main.c:988:6:STMPE811_Emergency_Clear	8	static
../Core/Src/main.c:1003:13:my_SysTick_Init	16	static
../Core/Src/main.c:1026:13:delay_ms	24	static,ignoring_inline_asm
../Core/Src/main.c:1041:6:Error_Handler	4	static
