../Core/Inc/main.h:48:22:i2c_status_str	16	static
../Core/Src/stm32f4xx_it.c:76:6:NMI_Handler	4	static
../Core/Src/stm32f4xx_it.c:91:6:HardFault_Handler	4	static
../Core/Src/stm32f4xx_it.c:106:6:MemManage_Handler	4	static
../Core/Src/stm32f4xx_it.c:121:6:BusFault_Handler	4	static
../Core/Src/stm32f4xx_it.c:136:6:UsageFault_Handler	4	static
../Core/Src/stm32f4xx_it.c:151:6:SVC_Handler	4	static
../Core/Src/stm32f4xx_it.c:164:6:DebugMon_Handler	4	static
../Core/Src/stm32f4xx_it.c:177:6:PendSV_Handler	4	static
../Core/Src/stm32f4xx_it.c:190:6:SysTick_Handler	4	static
../Core/Src/stm32f4xx_it.c:210:6:DMA1_Stream2_IRQHandler	8	static
../Core/Src/stm32f4xx_it.c:244:6:DMA1_Stream4_IRQHandler	4	static
../Core/Src/stm32f4xx_it.c:273:6:I2C3_EV_IRQHandler	4	static
../Core/Src/stm32f4xx_it.c:286:6:I2C3_ER_IRQHandler	4	static
